==> msgr
    warning: function verify_noise_signature/2 is unused
    │
 97 │   defp verify_noise_signature(_session, _signature) do
    │        ~
    │
    └─ lib/msgr/auth.ex:97:8: Messngr.Auth (module)

    warning: function maybe_resolve_handshake/1 is unused
    │
 85 │   defp maybe_resolve_handshake(_attrs) do
    │        ~
    │
    └─ lib/msgr/auth.ex:85:8: Messngr.Auth (module)

     warning: function maybe_finalize_handshake/3 is unused
     │
 101 │   defp maybe_finalize_handshake(_handshake, _identity, _device) do
     │        ~
     │
     └─ lib/msgr/auth.ex:101:8: Messngr.Auth (module)

    warning: function fetch_noise_session/1 is unused
    │
 89 │   defp fetch_noise_session(_session_id) do
    │        ~
    │
    └─ lib/msgr/auth.ex:89:8: Messngr.Auth (module)

    warning: function decode_noise_signature/1 is unused
    │
 93 │   defp decode_noise_signature(_value) do
    │        ~
    │
    └─ lib/msgr/auth.ex:93:8: Messngr.Auth (module)

    warning: unused alias FeatureFlags
    │
 10 │   alias Messngr.FeatureFlags
    │   ~
    │
    └─ lib/msgr/auth.ex:10:3

    warning: unused alias NoResultsError
    │
 14 │   alias Ecto.NoResultsError
    │   ~
    │
    └─ lib/msgr/auth.ex:14:3

    warning: Messngr.Noise.KeyLoader.fingerprint/1 is undefined (module Messngr.Noise.KeyLoader is not available or is yet to be defined)
    │
 26 │     fingerprint = Messngr.Noise.KeyLoader.fingerprint(private_key)
    │                                           ~
    │
    └─ (msgr 0.1.0) lib/mix/tasks/noise.rotate_static_key.ex:26:43: Mix.Tasks.Noise.RotateStaticKey.run/1

    warning: Messngr.Noise.KeyLoader.protocol/0 is undefined (module Messngr.Noise.KeyLoader is not available or is yet to be defined)
    │
 30 │       protocol: Messngr.Noise.KeyLoader.protocol(),
    │                                         ~
    │
    └─ (msgr 0.1.0) lib/mix/tasks/noise.rotate_static_key.ex:30:41: Mix.Tasks.Noise.RotateStaticKey.run/1

    warning: Messngr.Noise.KeyLoader.prologue/0 is undefined (module Messngr.Noise.KeyLoader is not available or is yet to be defined)
    │
 31 │       prologue: Messngr.Noise.KeyLoader.prologue(),
    │                                         ~
    │
    └─ (msgr 0.1.0) lib/mix/tasks/noise.rotate_static_key.ex:31:41: Mix.Tasks.Noise.RotateStaticKey.run/1

     warning: function hex_colour?/1 is unused
     │
 309 │   defp hex_colour?(value) do
     │        ~
     │
     └─ lib/msgr/accounts/profile.ex:309:8: Messngr.Accounts.Profile (module)

==> teams
    warning: TeamsWeb.Subdomain.TeamsWeb.Subdomain.Absinthe.Plug.init/1 is undefined (module TeamsWeb.Subdomain.TeamsWeb.Subdomain.Absinthe.Plug is not available or is yet to be defined)
    │
 77 │     forward "/graphql", TeamsWeb.Subdomain.Absinthe.Plug,
    │     ~~~~~~~~~~~~~~~~~~~~~~~~~~~~~~~~~~~~~~~~~~~~~~~~~~~~~
    │
    └─ (teams 0.1.0) lib/teams_web/subodomain_router.ex:77: TeamsWeb.SubdomainRouter.__checks__/0

    warning: variable "claims" is unused (if the variable is not meant to be used, prefix it with an underscore)
    │
 11 │     {uid, claims} = get_authed_context(conn)
    │           ~~~~~~
    │
    └─ (teams 0.1.0) lib/teams_web/controllers/public_api_controller.ex:11:11: TeamsWeb.PublicApiController.select_team/2

warning: invalid association `parent` in schema Teams.TenantModels.Message: associated schema Teams.TenantModels.Message does not have field `message_parent`
└─ lib/teams/tenant_models/message.ex: Teams.TenantModels.Message (module)

    warning: unused alias Repo
    │
  3 │   alias Teams.Repo
    │   ~
    │
    └─ lib/teams/client_bootstrap.ex:3:3

    warning: unused import Ecto.Changeset
    │
  3 │   import Ecto.Changeset
    │   ~
    │
    └─ lib/teams/tenant_models/cchannel.ex:3:3

    warning: unused import Ecto.Query
    │
  4 │   import Ecto.Query
    │   ~
    │
    └─ lib/teams/tenant_models/cchannel.ex:4:3

    warning: variable "tenant" is unused (if the variable is not meant to be used, prefix it with an underscore)
    │
 48 │   def can?(tenant, %__MODULE__{} = profile, what) do
    │            ~~~~~~
    │
    └─ (teams 0.1.0) lib/teams/tenant_models/profile.ex:48:12: Teams.TenantModels.Profile.can?/3

    warning: variable "payload" is unused (if the variable is not meant to be used, prefix it with an underscore)
    │
  5 │   def join("team:lobby", payload, socket) do
    │                          ~~~~~~~
    │
    └─ (teams 0.1.0) lib/teams_web/channels/team_channel.ex:5:26: TeamsWeb.TeamChannel.join/3

    warning: variable "payload" is unused (if the variable is not meant to be used, prefix it with an underscore)
    │
 10 │   def join("team:invite", payload, socket) do
    │                           ~~~~~~~
    │
    └─ (teams 0.1.0) lib/teams_web/channels/team_channel.ex:10:27: TeamsWeb.TeamChannel.join/3

    warning: variable "payload" is unused (if the variable is not meant to be used, prefix it with an underscore)
    │
 22 │   def handle_in("invite:user", %{"identifier" => whotoinvite, "team_name" => teamName, "profile_id" => profileID} = payload, %{topic: "team:invite"} = socket) do
    │                                                                                                                     ~~~~~~~
    │
    └─ (teams 0.1.0) lib/teams_web/channels/team_channel.ex:22:117: TeamsWeb.TeamChannel.handle_in/3

warning: defining a Gettext backend by calling

    use Gettext, otp_app: ...

is deprecated. To define a backend, call:

    use Gettext.Backend, otp_app: :my_app

Then, instead of importing your backend, call this in your module:

    use Gettext, backend: MyApp.Gettext

  lib/teams_web/gettext.ex:23: TeamsWeb.Gettext (module)

    warning: variable "conn" is unused (if the variable is not meant to be used, prefix it with an underscore)
    │
  6 │   def list(conn, params) do
    │            ~~~~
    │
    └─ (teams 0.1.0) lib/teams_web/controllers/subdomain/message_controller.ex:6:12: TeamsWeb.Subdomain.MessageController.list/2

    warning: variable "params" is unused (if the variable is not meant to be used, prefix it with an underscore)
    │
  6 │   def list(conn, params) do
    │                  ~~~~~~
    │
    └─ (teams 0.1.0) lib/teams_web/controllers/subdomain/message_controller.ex:6:18: TeamsWeb.Subdomain.MessageController.list/2

    warning: unused alias SafeResolution
    │
  5 │   alias TeamsWeb.GraphQL.Middleware.SafeResolution
    │   ~
    │
    └─ lib/teams_web/graphql/schema.ex:5:3

    warning: variable "token" is unused (if the variable is not meant to be used, prefix it with an underscore)
    │
 20 │     with ["Bearer " <> token] <- get_req_header(conn, "authorization"),
    │                        ~
    │
    └─ (teams 0.1.0) lib/teams_web/graphql/context.ex:20:24: TeamsWeb.GraphQL.Context.build_context/1

    warning: variable "tenant" is unused (if the variable is not meant to be used, prefix it with an underscore)
    │
 30 │       {tenant, nil, _} -> {:error, "invalid authorization token"}
    │        ~
    │
    └─ (teams 0.1.0) lib/teams_web/graphql/context.ex:30:8: TeamsWeb.GraphQL.Context.authorize/1

    warning: variable "tenant" is unused (if the variable is not meant to be used, prefix it with an underscore)
    │
 31 │       {tenant, profile, uid} -> {:ok, profile, uid}
    │        ~
    │
    └─ (teams 0.1.0) lib/teams_web/graphql/context.ex:31:8: TeamsWeb.GraphQL.Context.authorize/1

    warning: unused import Ecto.Query
    │
  5 │   import Ecto.Query, only: [where: 2]
    │   ~
    │
    └─ lib/teams_web/graphql/context.ex:5:3

    warning: clauses with the same name and arity (number of arguments) should be grouped together, "def join/3" was previously defined (lib/teams_web/channels/room_channel.ex:11)
    │
 28 │   def join("room:" <> destdata, _payload, socket) do
    │       ~
    │
    └─ lib/teams_web/channels/room_channel.ex:28:7

    warning: clauses with the same name and arity (number of arguments) should be grouped together, "def handle_info/2" was previously defined (lib/teams_web/channels/room_channel.ex:22)
    │
 40 │   def handle_info(:after_join, socket) do
    │       ~
    │
    └─ lib/teams_web/channels/room_channel.ex:40:7

    warning: unused alias Profile
    │
  4 │   alias Teams.TenantModels.{Profile, Message}
    │   ~
    │
    └─ lib/teams_web/channels/room_channel.ex:4:3

    warning: module attribute @impl was not set for function handle_info/2 callback (specified in Phoenix.Channel). This either means you forgot to add the "@impl true" annotation before the definition or that you are accidentally overriding this callback
    │
 22 │   def handle_info(%Broadcast{topic: topic, event: event, payload: payload}, socket) do
    │   ~~~~~~~~~~~~~~~~~~~~~~~~~~~~~~~~~~~~~~~~~~~~~~~~~~~~~~~~~~~~~~~~~~~~~~~~~~~~~~~~~~~~
    │
    └─ lib/teams_web/channels/room_channel.ex:22: TeamsWeb.RoomChannel (module)

    warning: module attribute @impl was not set for function handle_out/3 callback (specified in Phoenix.Channel). This either means you forgot to add the "@impl true" annotation before the definition or that you are accidentally overriding this callback
    │
 99 │   def handle_out("user_joined", msg, socket) do
    │   ~~~~~~~~~~~~~~~~~~~~~~~~~~~~~~~~~~~~~~~~~~~~~
    │
    └─ lib/teams_web/channels/room_channel.ex:99: TeamsWeb.RoomChannel (module)

     warning: ChannelWatcher.unmonitor/2 is undefined or private. Did you mean:

           * demonitor/2
           * monitor/3

     │
 110 │     ChannelWatcher.unmonitor(:rooms, self())
     │                    ~
     │
     └─ (teams 0.1.0) lib/teams_web/channels/room_channel.ex:110:20: TeamsWeb.RoomChannel.leave/2

    warning: variable "err" is unused (if the variable is not meant to be used, prefix it with an underscore)
    │
 15 │         {:error, err} ->
    │                  ~
    │
    └─ (teams 0.1.0) lib/teams_web/middle_layers/room_layer.ex:15:18: TeamsWeb.MiddleLayers.RoomLayer.create_room/4

    warning: unused alias Conversation
    │
  4 │   alias Teams.TenantModels.{Conversation, Message, Profile, Role, Room}
    │   ~
    │
    └─ lib/teams/tenants_helper.ex:4:3

    warning: unused alias Message
    │
  4 │   alias Teams.TenantModels.{Conversation, Message, Profile, Role, Room}
    │   ~
    │
    └─ lib/teams/tenants_helper.ex:4:3

    warning: unused alias Profile
    │
  4 │   alias Teams.TenantModels.{Conversation, Message, Profile, Role, Room}
    │   ~
    │
    └─ lib/teams/tenants_helper.ex:4:3

    warning: variable "invitation" is unused (if the variable is not meant to be used, prefix it with an underscore)
    │
 12 │     {:ok, invitation} = case is_identifier_email?(whotoinvite) do
    │           ~~~~~~~~~~
    │
    └─ (teams 0.1.0) lib/teams_web/middle_layers/invite_layer.ex:12:11: TeamsWeb.MiddleLayers.InviteLayer.invite_user/3

    warning: using single-quoted strings to represent charlists is deprecated.
    Use ~c"" if you indeed want a charlist or use "" instead.
    You may run "mix format --migrate" to change all single-quoted
    strings to use the ~c sigil and fix this warning.
    │
 28 │   @default_alphabet 'abcdefghijklmnopqrstuvwxyzABCDEFGHIJKLMNOPQRSTUVWXYZ1234567890'
    │                     ~
    │
    └─ lib/teams/hashids.ex:28:21

    warning: using single-quoted strings to represent charlists is deprecated.
    Use ~c"" if you indeed want a charlist or use "" instead.
    You may run "mix format --migrate" to change all single-quoted
    strings to use the ~c sigil and fix this warning.
    │
 29 │   @seps 'cfhistuCFHISTU'
    │         ~
    │
    └─ lib/teams/hashids.ex:29:9

    warning: found quoted keyword "data" but the quotes are not required. Note that keywords are always atoms, even when quoted. Similar to atoms, keywords made exclusively of ASCII letters, numbers, and underscores and not beginning with a number do not require quotes
    │
 31 │     push(socket, "bootstrap:packet", %{type: "bootstrap", status: "ok", "data": data})
    │                                                                         ~
    │
    └─ lib/teams_web/channels/user_channel.ex:31:73

    warning: variable "payload" is unused (if the variable is not meant to be used, prefix it with an underscore)
    │
 13 │   def join("user:" <> uid, payload, socket) do
    │                            ~~~~~~~
    │
    └─ (teams 0.1.0) lib/teams_web/channels/user_channel.ex:13:28: TeamsWeb.UserChannel.join/3

    warning: Application.get_env/2 is discouraged in the module body, use Application.compile_env/3 instead
    │
  7 │   @prefix_descriptions Application.get_env(:teams, :ecto_hashids)[:prefix_descriptions] || %{
    │                                    ~
    │
    └─ lib/teams/ecto_hashids/types.ex:7:36: EctoHashids.Types (module)

    warning: Application.get_env/2 is discouraged in the module body, use Application.compile_env/3 instead
    │
 16 │   @prefix_separator Application.get_env(:teams, :ecto_hashids)[:prefix_separator] ||  "_"
    │                                 ~
    │
    └─ lib/teams/ecto_hashids/types.ex:16:33: EctoHashids.Types (module)

    warning: Application.get_env/2 is discouraged in the module body, use Application.compile_env/3 instead
    │
 18 │   @characters Application.get_env(:teams, :ecto_hashids)[:characters] || "0123456789abcdefghjkmnpqrstvwxyz"
    │                           ~
    │
    └─ lib/teams/ecto_hashids/types.ex:18:27: EctoHashids.Types (module)

    warning: Application.get_env/2 is discouraged in the module body, use Application.compile_env/3 instead
    │
 20 │   @salt Application.get_env(:teams, :ecto_hashids)[:salt] || "42"
    │                     ~
    │
    └─ lib/teams/ecto_hashids/types.ex:20:21: EctoHashids.Types (module)

    warning: Application.get_env/2 is discouraged in the module body, use Application.compile_env/3 instead
    │
 22 │   @min_length Application.get_env(:teams, :ecto_hashids)[:min_len] || 8
    │                           ~
    │
    └─ lib/teams/ecto_hashids/types.ex:22:27: EctoHashids.Types (module)

    warning: redefining module Inspect.SecurityTokenManager (current version loaded from /Users/mikalv/Repos/Kommunikasjon/chat/backend/_build/dev/lib/teams/ebin/Elixir.Inspect.SecurityTokenManager.beam)
    │
 84 │ defimpl Inspect, for: SecurityTokenManager do
    │ ~~~~~~~~~~~~~~~~~~~~~~~~~~~~~~~~~~~~~~~~~~~~~
    │
    └─ lib/teams/security_token_manager.ex:84: Inspect.SecurityTokenManager (module)

    warning: found quoted keyword "error" but the quotes are not required. Note that keywords are always atoms, even when quoted. Similar to atoms, keywords made exclusively of ASCII letters, numbers, and underscores and not beginning with a number do not require quotes
    │
 30 │         conn |> send_resp(500, Jason.encode!(%{"error": "Sorry! try again later"}))
    │                                                ~
    │
    └─ lib/teams_web/controllers/subdomain/conversations_controller.ex:30:48

    warning: found quoted keyword "error" but the quotes are not required. Note that keywords are always atoms, even when quoted. Similar to atoms, keywords made exclusively of ASCII letters, numbers, and underscores and not beginning with a number do not require quotes
    │
 44 │       conn |> send_resp(400, Jason.encode!(%{"error": "Sorry! Conversation don't seem to exist!"}))
    │                                              ~
    │
    └─ lib/teams_web/controllers/subdomain/conversations_controller.ex:44:46

    warning: variable "params" is unused (if the variable is not meant to be used, prefix it with an underscore)
    │
 17 │   def list(conn, params) do
    │                  ~~~~~~
    │
    └─ (teams 0.1.0) lib/teams_web/controllers/subdomain/conversations_controller.ex:17:18: TeamsWeb.Subdomain.ConversationsController.list/2

    warning: variable "profile" is unused (if the variable is not meant to be used, prefix it with an underscore)
    │
 18 │     {tenant, profile} = get_authed_context(conn)
    │              ~~~~~~~
    │
    └─ (teams 0.1.0) lib/teams_web/controllers/subdomain/conversations_controller.ex:18:14: TeamsWeb.Subdomain.ConversationsController.list/2

    warning: variable "tenant" is unused (if the variable is not meant to be used, prefix it with an underscore)
    │
 18 │     {tenant, profile} = get_authed_context(conn)
    │      ~~~~~~
    │
    └─ (teams 0.1.0) lib/teams_web/controllers/subdomain/conversations_controller.ex:18:6: TeamsWeb.Subdomain.ConversationsController.list/2

    warning: variable "params" is unused (if the variable is not meant to be used, prefix it with an underscore)
    │
 34 │   def update(conn, params) do
    │                    ~~~~~~
    │
    └─ (teams 0.1.0) lib/teams_web/controllers/subdomain/conversations_controller.ex:34:20: TeamsWeb.Subdomain.ConversationsController.update/2

    warning: variable "tenant" is unused (if the variable is not meant to be used, prefix it with an underscore)
    │
 35 │     tenant = conn.private[:subdomain]
    │     ~~~~~~
    │
    └─ (teams 0.1.0) lib/teams_web/controllers/subdomain/conversations_controller.ex:35:5: TeamsWeb.Subdomain.ConversationsController.update/2

    warning: variable "conversation_id" is unused (if the variable is not meant to be used, prefix it with an underscore)
    │
 52 │     conversation_id = params["conversation_id"]
    │     ~~~~~~~~~~~~~~~
    │
    └─ (teams 0.1.0) lib/teams_web/controllers/subdomain/conversations_controller.ex:52:5: TeamsWeb.Subdomain.ConversationsController.delete/2

    warning: variable "profile" is unused (if the variable is not meant to be used, prefix it with an underscore)
    │
 51 │     {tenant, profile} = get_authed_context(conn)
    │              ~~~~~~~
    │
    └─ (teams 0.1.0) lib/teams_web/controllers/subdomain/conversations_controller.ex:51:14: TeamsWeb.Subdomain.ConversationsController.delete/2

    warning: variable "tenant" is unused (if the variable is not meant to be used, prefix it with an underscore)
    │
 51 │     {tenant, profile} = get_authed_context(conn)
    │      ~~~~~~
    │
    └─ (teams 0.1.0) lib/teams_web/controllers/subdomain/conversations_controller.ex:51:6: TeamsWeb.Subdomain.ConversationsController.delete/2

    warning: variable "conversation_id" is unused (if the variable is not meant to be used, prefix it with an underscore)
    │
 57 │     conversation_id = params["conversation_id"]
    │     ~~~~~~~~~~~~~~~
    │
    └─ (teams 0.1.0) lib/teams_web/controllers/subdomain/conversations_controller.ex:57:5: TeamsWeb.Subdomain.ConversationsController.history/2

    warning: variable "profile" is unused (if the variable is not meant to be used, prefix it with an underscore)
    │
 56 │     {tenant, profile} = get_authed_context(conn)
    │              ~~~~~~~
    │
    └─ (teams 0.1.0) lib/teams_web/controllers/subdomain/conversations_controller.ex:56:14: TeamsWeb.Subdomain.ConversationsController.history/2

    warning: variable "tenant" is unused (if the variable is not meant to be used, prefix it with an underscore)
    │
 56 │     {tenant, profile} = get_authed_context(conn)
    │      ~~~~~~
    │
    └─ (teams 0.1.0) lib/teams_web/controllers/subdomain/conversations_controller.ex:56:6: TeamsWeb.Subdomain.ConversationsController.history/2

    warning: variable "conversation_id" is unused (if the variable is not meant to be used, prefix it with an underscore)
    │
 62 │     conversation_id = params["conversation_id"]
    │     ~~~~~~~~~~~~~~~
    │
    └─ (teams 0.1.0) lib/teams_web/controllers/subdomain/conversations_controller.ex:62:5: TeamsWeb.Subdomain.ConversationsController.close/2

    warning: variable "profile" is unused (if the variable is not meant to be used, prefix it with an underscore)
    │
 61 │     {tenant, profile} = get_authed_context(conn)
    │              ~~~~~~~
    │
    └─ (teams 0.1.0) lib/teams_web/controllers/subdomain/conversations_controller.ex:61:14: TeamsWeb.Subdomain.ConversationsController.close/2

    warning: variable "tenant" is unused (if the variable is not meant to be used, prefix it with an underscore)
    │
 61 │     {tenant, profile} = get_authed_context(conn)
    │      ~~~~~~
    │
    └─ (teams 0.1.0) lib/teams_web/controllers/subdomain/conversations_controller.ex:61:6: TeamsWeb.Subdomain.ConversationsController.close/2

    warning: variable "conversation_id" is unused (if the variable is not meant to be used, prefix it with an underscore)
    │
 67 │     conversation_id = params["conversation_id"]
    │     ~~~~~~~~~~~~~~~
    │
    └─ (teams 0.1.0) lib/teams_web/controllers/subdomain/conversations_controller.ex:67:5: TeamsWeb.Subdomain.ConversationsController.join/2

    warning: variable "profile" is unused (if the variable is not meant to be used, prefix it with an underscore)
    │
 66 │     {tenant, profile} = get_authed_context(conn)
    │              ~~~~~~~
    │
    └─ (teams 0.1.0) lib/teams_web/controllers/subdomain/conversations_controller.ex:66:14: TeamsWeb.Subdomain.ConversationsController.join/2

    warning: variable "tenant" is unused (if the variable is not meant to be used, prefix it with an underscore)
    │
 66 │     {tenant, profile} = get_authed_context(conn)
    │      ~~~~~~
    │
    └─ (teams 0.1.0) lib/teams_web/controllers/subdomain/conversations_controller.ex:66:6: TeamsWeb.Subdomain.ConversationsController.join/2

    warning: variable "conversation_id" is unused (if the variable is not meant to be used, prefix it with an underscore)
    │
 72 │     conversation_id = params["conversation_id"]
    │     ~~~~~~~~~~~~~~~
    │
    └─ (teams 0.1.0) lib/teams_web/controllers/subdomain/conversations_controller.ex:72:5: TeamsWeb.Subdomain.ConversationsController.kick/2

    warning: variable "profile" is unused (if the variable is not meant to be used, prefix it with an underscore)
    │
 71 │     {tenant, profile} = get_authed_context(conn)
    │              ~~~~~~~
    │
    └─ (teams 0.1.0) lib/teams_web/controllers/subdomain/conversations_controller.ex:71:14: TeamsWeb.Subdomain.ConversationsController.kick/2

    warning: variable "tenant" is unused (if the variable is not meant to be used, prefix it with an underscore)
    │
 71 │     {tenant, profile} = get_authed_context(conn)
    │      ~~~~~~
    │
    └─ (teams 0.1.0) lib/teams_web/controllers/subdomain/conversations_controller.ex:71:6: TeamsWeb.Subdomain.ConversationsController.kick/2

    warning: variable "conversation_id" is unused (if the variable is not meant to be used, prefix it with an underscore)
    │
 77 │     conversation_id = params["conversation_id"]
    │     ~~~~~~~~~~~~~~~
    │
    └─ (teams 0.1.0) lib/teams_web/controllers/subdomain/conversations_controller.ex:77:5: TeamsWeb.Subdomain.ConversationsController.leave/2

    warning: variable "profile" is unused (if the variable is not meant to be used, prefix it with an underscore)
    │
 76 │     {tenant, profile} = get_authed_context(conn)
    │              ~~~~~~~
    │
    └─ (teams 0.1.0) lib/teams_web/controllers/subdomain/conversations_controller.ex:76:14: TeamsWeb.Subdomain.ConversationsController.leave/2

    warning: variable "tenant" is unused (if the variable is not meant to be used, prefix it with an underscore)
    │
 76 │     {tenant, profile} = get_authed_context(conn)
    │      ~~~~~~
    │
    └─ (teams 0.1.0) lib/teams_web/controllers/subdomain/conversations_controller.ex:76:6: TeamsWeb.Subdomain.ConversationsController.leave/2

    warning: variable "conversation_id" is unused (if the variable is not meant to be used, prefix it with an underscore)
    │
 82 │     conversation_id = params["conversation_id"]
    │     ~~~~~~~~~~~~~~~
    │
    └─ (teams 0.1.0) lib/teams_web/controllers/subdomain/conversations_controller.ex:82:5: TeamsWeb.Subdomain.ConversationsController.members/2

    warning: variable "profile" is unused (if the variable is not meant to be used, prefix it with an underscore)
    │
 81 │     {tenant, profile} = get_authed_context(conn)
    │              ~~~~~~~
    │
    └─ (teams 0.1.0) lib/teams_web/controllers/subdomain/conversations_controller.ex:81:14: TeamsWeb.Subdomain.ConversationsController.members/2

    warning: variable "tenant" is unused (if the variable is not meant to be used, prefix it with an underscore)
    │
 81 │     {tenant, profile} = get_authed_context(conn)
    │      ~~~~~~
    │
    └─ (teams 0.1.0) lib/teams_web/controllers/subdomain/conversations_controller.ex:81:6: TeamsWeb.Subdomain.ConversationsController.members/2

    warning: variable "conversation_id" is unused (if the variable is not meant to be used, prefix it with an underscore)
    │
 87 │     conversation_id = params["conversation_id"]
    │     ~~~~~~~~~~~~~~~
    │
    └─ (teams 0.1.0) lib/teams_web/controllers/subdomain/conversations_controller.ex:87:5: TeamsWeb.Subdomain.ConversationsController.replies/2

    warning: variable "profile" is unused (if the variable is not meant to be used, prefix it with an underscore)
    │
 86 │     {tenant, profile} = get_authed_context(conn)
    │              ~~~~~~~
    │
    └─ (teams 0.1.0) lib/teams_web/controllers/subdomain/conversations_controller.ex:86:14: TeamsWeb.Subdomain.ConversationsController.replies/2

    warning: variable "tenant" is unused (if the variable is not meant to be used, prefix it with an underscore)
    │
 86 │     {tenant, profile} = get_authed_context(conn)
    │      ~~~~~~
    │
    └─ (teams 0.1.0) lib/teams_web/controllers/subdomain/conversations_controller.ex:86:6: TeamsWeb.Subdomain.ConversationsController.replies/2

    warning: variable "conversation_id" is unused (if the variable is not meant to be used, prefix it with an underscore)
    │
 92 │     conversation_id = params["conversation_id"]
    │     ~~~~~~~~~~~~~~~
    │
    └─ (teams 0.1.0) lib/teams_web/controllers/subdomain/conversations_controller.ex:92:5: TeamsWeb.Subdomain.ConversationsController.invite/2

    warning: variable "profile" is unused (if the variable is not meant to be used, prefix it with an underscore)
    │
 91 │     {tenant, profile} = get_authed_context(conn)
    │              ~~~~~~~
    │
    └─ (teams 0.1.0) lib/teams_web/controllers/subdomain/conversations_controller.ex:91:14: TeamsWeb.Subdomain.ConversationsController.invite/2

    warning: variable "tenant" is unused (if the variable is not meant to be used, prefix it with an underscore)
    │
 91 │     {tenant, profile} = get_authed_context(conn)
    │      ~~~~~~
    │
    └─ (teams 0.1.0) lib/teams_web/controllers/subdomain/conversations_controller.ex:91:6: TeamsWeb.Subdomain.ConversationsController.invite/2

==> slack_api
     warning: the following clause will never match:

         {:ok, nil}

     because it attempts to match on the result of:

         decode_message_cursor(cursor)

     which has type:

         dynamic({:error, :invalid_cursor or :missing_cursor} or {:ok, binary()})

     typing violation found at:
     │
 242 │       {:ok, nil} -> {:ok, opts}
     │       ~~~~~~~~~~~~~~~~~~~~~~~~~
     │
     └─ (slack_api 0.1.0) lib/slack_api_web/controllers/conversations_api_controller.ex:242: SlackApiWeb.Controllers.ConversationsApiController.message_paging_opts/1

warning: defining a Gettext backend by calling

    use Gettext, otp_app: ...

is deprecated. To define a backend, call:

    use Gettext.Backend, otp_app: :my_app

Then, instead of importing your backend, call this in your module:

    use Gettext, backend: MyApp.Gettext

  lib/slack_api_web/gettext.ex:23: SlackApiWeb.Gettext (module)

    warning: got "@impl Plug" for function call/2 but no behaviour was declared
    │
 22 │   def call(conn, _opts) do
    │   ~~~~~~~~~~~~~~~~~~~~~~~~
    │
    └─ lib/slack_api_web/plugs/current_actor.ex:22: SlackApiWeb.Plugs.CurrentActor (module)

    warning: SlackApiWeb.SlackApiWeb.Controllers.ConversationsApiController.init/1 is undefined (module SlackApiWeb.SlackApiWeb.Controllers.ConversationsApiController is not available or is yet to be defined)
    │
 21 │     post "/conversations.create", ConversationsApiController, :create
    │     ~~~~~~~~~~~~~~~~~~~~~~~~~~~~~~~~~~~~~~~~~~~~~~~~~~~~~~~~~~~~~~~~~
    │
    └─ (slack_api 0.1.0) lib/slack_api_web/router.ex:21: SlackApiWeb.Router.__checks__/0

    warning: SlackApiWeb.SlackApiWeb.Controllers.ConversationsApiController.init/1 is undefined (module SlackApiWeb.SlackApiWeb.Controllers.ConversationsApiController is not available or is yet to be defined)
    │
 22 │     post "/conversations.rename", ConversationsApiController, :rename
    │     ~~~~~~~~~~~~~~~~~~~~~~~~~~~~~~~~~~~~~~~~~~~~~~~~~~~~~~~~~~~~~~~~~
    │
    └─ (slack_api 0.1.0) lib/slack_api_web/router.ex:22: SlackApiWeb.Router.__checks__/0

    warning: SlackApiWeb.SlackApiWeb.Controllers.ConversationsApiController.init/1 is undefined (module SlackApiWeb.SlackApiWeb.Controllers.ConversationsApiController is not available or is yet to be defined)
    │
 23 │     post "/conversations.mark", ConversationsApiController, :mark
    │     ~~~~~~~~~~~~~~~~~~~~~~~~~~~~~~~~~~~~~~~~~~~~~~~~~~~~~~~~~~~~~
    │
    └─ (slack_api 0.1.0) lib/slack_api_web/router.ex:23: SlackApiWeb.Router.__checks__/0

    warning: SlackApiWeb.SlackApiWeb.Controllers.ConversationsApiController.init/1 is undefined (module SlackApiWeb.SlackApiWeb.Controllers.ConversationsApiController is not available or is yet to be defined)
    │
 24 │     post "/conversations.close", ConversationsApiController, :close
    │     ~~~~~~~~~~~~~~~~~~~~~~~~~~~~~~~~~~~~~~~~~~~~~~~~~~~~~~~~~~~~~~~
    │
    └─ (slack_api 0.1.0) lib/slack_api_web/router.ex:24: SlackApiWeb.Router.__checks__/0

    warning: SlackApiWeb.SlackApiWeb.Controllers.ConversationsApiController.init/1 is undefined (module SlackApiWeb.SlackApiWeb.Controllers.ConversationsApiController is not available or is yet to be defined)
    │
 25 │     post "/conversations.join", ConversationsApiController, :join
    │     ~~~~~~~~~~~~~~~~~~~~~~~~~~~~~~~~~~~~~~~~~~~~~~~~~~~~~~~~~~~~~
    │
    └─ (slack_api 0.1.0) lib/slack_api_web/router.ex:25: SlackApiWeb.Router.__checks__/0

    warning: SlackApiWeb.SlackApiWeb.Controllers.ConversationsApiController.init/1 is undefined (module SlackApiWeb.SlackApiWeb.Controllers.ConversationsApiController is not available or is yet to be defined)
    │
 26 │     post "/conversations.leave", ConversationsApiController, :leave
    │     ~~~~~~~~~~~~~~~~~~~~~~~~~~~~~~~~~~~~~~~~~~~~~~~~~~~~~~~~~~~~~~~
    │
    └─ (slack_api 0.1.0) lib/slack_api_web/router.ex:26: SlackApiWeb.Router.__checks__/0

    warning: SlackApiWeb.SlackApiWeb.Controllers.ConversationsApiController.init/1 is undefined (module SlackApiWeb.SlackApiWeb.Controllers.ConversationsApiController is not available or is yet to be defined)
    │
 27 │     post "/conversations.kick", ConversationsApiController, :kick
    │     ~~~~~~~~~~~~~~~~~~~~~~~~~~~~~~~~~~~~~~~~~~~~~~~~~~~~~~~~~~~~~
    │
    └─ (slack_api 0.1.0) lib/slack_api_web/router.ex:27: SlackApiWeb.Router.__checks__/0

    warning: SlackApiWeb.SlackApiWeb.Controllers.ConversationsApiController.init/1 is undefined (module SlackApiWeb.SlackApiWeb.Controllers.ConversationsApiController is not available or is yet to be defined)
    │
 28 │     post "/conversations.history", ConversationsApiController, :history
    │     ~~~~~~~~~~~~~~~~~~~~~~~~~~~~~~~~~~~~~~~~~~~~~~~~~~~~~~~~~~~~~~~~~~~
    │
    └─ (slack_api 0.1.0) lib/slack_api_web/router.ex:28: SlackApiWeb.Router.__checks__/0

    warning: SlackApiWeb.SlackApiWeb.Controllers.ConversationsApiController.init/1 is undefined (module SlackApiWeb.SlackApiWeb.Controllers.ConversationsApiController is not available or is yet to be defined)
    │
 29 │     post "/conversations.setPurpose", ConversationsApiController, :setPurpose
    │     ~~~~~~~~~~~~~~~~~~~~~~~~~~~~~~~~~~~~~~~~~~~~~~~~~~~~~~~~~~~~~~~~~~~~~~~~~
    │
    └─ (slack_api 0.1.0) lib/slack_api_web/router.ex:29: SlackApiWeb.Router.__checks__/0

    warning: SlackApiWeb.SlackApiWeb.Controllers.ConversationsApiController.init/1 is undefined (module SlackApiWeb.SlackApiWeb.Controllers.ConversationsApiController is not available or is yet to be defined)
    │
 30 │     post "/conversations.setTopic", ConversationsApiController, :setTopic
    │     ~~~~~~~~~~~~~~~~~~~~~~~~~~~~~~~~~~~~~~~~~~~~~~~~~~~~~~~~~~~~~~~~~~~~~
    │
    └─ (slack_api 0.1.0) lib/slack_api_web/router.ex:30: SlackApiWeb.Router.__checks__/0

    warning: SlackApiWeb.SlackApiWeb.Controllers.ConversationsApiController.init/1 is undefined (module SlackApiWeb.SlackApiWeb.Controllers.ConversationsApiController is not available or is yet to be defined)
    │
 31 │     get "/conversations.replies", ConversationsApiController, :replies
    │     ~~~~~~~~~~~~~~~~~~~~~~~~~~~~~~~~~~~~~~~~~~~~~~~~~~~~~~~~~~~~~~~~~~
    │
    └─ (slack_api 0.1.0) lib/slack_api_web/router.ex:31: SlackApiWeb.Router.__checks__/0

    warning: SlackApiWeb.SlackApiWeb.Controllers.ConversationsApiController.init/1 is undefined (module SlackApiWeb.SlackApiWeb.Controllers.ConversationsApiController is not available or is yet to be defined)
    │
 32 │     get "/conversations.info", ConversationsApiController, :info
    │     ~~~~~~~~~~~~~~~~~~~~~~~~~~~~~~~~~~~~~~~~~~~~~~~~~~~~~~~~~~~~
    │
    └─ (slack_api 0.1.0) lib/slack_api_web/router.ex:32: SlackApiWeb.Router.__checks__/0

    warning: SlackApiWeb.SlackApiWeb.Controllers.ConversationsApiController.init/1 is undefined (module SlackApiWeb.SlackApiWeb.Controllers.ConversationsApiController is not available or is yet to be defined)
    │
 33 │     get "/conversations.list", ConversationsApiController, :list
    │     ~~~~~~~~~~~~~~~~~~~~~~~~~~~~~~~~~~~~~~~~~~~~~~~~~~~~~~~~~~~~
    │
    └─ (slack_api 0.1.0) lib/slack_api_web/router.ex:33: SlackApiWeb.Router.__checks__/0

    warning: SlackApiWeb.SlackApiWeb.Controllers.ConversationsApiController.init/1 is undefined (module SlackApiWeb.SlackApiWeb.Controllers.ConversationsApiController is not available or is yet to be defined)
    │
 34 │     get "/conversations.members", ConversationsApiController, :members
    │     ~~~~~~~~~~~~~~~~~~~~~~~~~~~~~~~~~~~~~~~~~~~~~~~~~~~~~~~~~~~~~~~~~~
    │
    └─ (slack_api 0.1.0) lib/slack_api_web/router.ex:34: SlackApiWeb.Router.__checks__/0

    warning: SlackApiWeb.SlackApiWeb.Controllers.ChatApiController.init/1 is undefined (module SlackApiWeb.SlackApiWeb.Controllers.ChatApiController is not available or is yet to be defined)
    │
 36 │     post "/chat.postMessage", ChatApiController, :post_message
    │     ~~~~~~~~~~~~~~~~~~~~~~~~~~~~~~~~~~~~~~~~~~~~~~~~~~~~~~~~~~
    │
    └─ (slack_api 0.1.0) lib/slack_api_web/router.ex:36: SlackApiWeb.Router.__checks__/0

    warning: SlackApiWeb.SlackApiWeb.Controllers.ChatApiController.init/1 is undefined (module SlackApiWeb.SlackApiWeb.Controllers.ChatApiController is not available or is yet to be defined)
    │
 37 │     post "/chat.update", ChatApiController, :update
    │     ~~~~~~~~~~~~~~~~~~~~~~~~~~~~~~~~~~~~~~~~~~~~~~~
    │
    └─ (slack_api 0.1.0) lib/slack_api_web/router.ex:37: SlackApiWeb.Router.__checks__/0

    warning: SlackApiWeb.SlackApiWeb.Controllers.ChatApiController.init/1 is undefined (module SlackApiWeb.SlackApiWeb.Controllers.ChatApiController is not available or is yet to be defined)
    │
 38 │     post "/chat.delete", ChatApiController, :delete
    │     ~~~~~~~~~~~~~~~~~~~~~~~~~~~~~~~~~~~~~~~~~~~~~~~
    │
    └─ (slack_api 0.1.0) lib/slack_api_web/router.ex:38: SlackApiWeb.Router.__checks__/0

    warning: SlackApiWeb.SlackApiWeb.Controllers.ChatApiController.init/1 is undefined (module SlackApiWeb.SlackApiWeb.Controllers.ChatApiController is not available or is yet to be defined)
    │
 39 │     get "/chat.getPermalink", ChatApiController, :get_permalink
    │     ~~~~~~~~~~~~~~~~~~~~~~~~~~~~~~~~~~~~~~~~~~~~~~~~~~~~~~~~~~~
    │
    └─ (slack_api 0.1.0) lib/slack_api_web/router.ex:39: SlackApiWeb.Router.__checks__/0

    warning: SlackApiWeb.SlackApiWeb.Controllers.UsersApiController.init/1 is undefined (module SlackApiWeb.SlackApiWeb.Controllers.UsersApiController is not available or is yet to be defined)
    │
 41 │     get "/users.info", UsersApiController, :info
    │     ~~~~~~~~~~~~~~~~~~~~~~~~~~~~~~~~~~~~~~~~~~~~
    │
    └─ (slack_api 0.1.0) lib/slack_api_web/router.ex:41: SlackApiWeb.Router.__checks__/0

    warning: SlackApiWeb.SlackApiWeb.Controllers.UsersApiController.init/1 is undefined (module SlackApiWeb.SlackApiWeb.Controllers.UsersApiController is not available or is yet to be defined)
    │
 42 │     get "/users.list", UsersApiController, :list
    │     ~~~~~~~~~~~~~~~~~~~~~~~~~~~~~~~~~~~~~~~~~~~~
    │
    └─ (slack_api 0.1.0) lib/slack_api_web/router.ex:42: SlackApiWeb.Router.__checks__/0

    warning: SlackApiWeb.SlackApiWeb.Controllers.UsersApiController.init/1 is undefined (module SlackApiWeb.SlackApiWeb.Controllers.UsersApiController is not available or is yet to be defined)
    │
 43 │     get "/users.identity", UsersApiController, :identity
    │     ~~~~~~~~~~~~~~~~~~~~~~~~~~~~~~~~~~~~~~~~~~~~~~~~~~~~
    │
    └─ (slack_api 0.1.0) lib/slack_api_web/router.ex:43: SlackApiWeb.Router.__checks__/0

    warning: SlackApiWeb.SlackApiWeb.Controllers.UsersApiController.init/1 is undefined (module SlackApiWeb.SlackApiWeb.Controllers.UsersApiController is not available or is yet to be defined)
    │
 44 │     get "/users.lookupByEmail", UsersApiController, :lookupByEmail
    │     ~~~~~~~~~~~~~~~~~~~~~~~~~~~~~~~~~~~~~~~~~~~~~~~~~~~~~~~~~~~~~~
    │
    └─ (slack_api 0.1.0) lib/slack_api_web/router.ex:44: SlackApiWeb.Router.__checks__/0

    warning: SlackApiWeb.SlackApiWeb.Controllers.UsersApiController.init/1 is undefined (module SlackApiWeb.SlackApiWeb.Controllers.UsersApiController is not available or is yet to be defined)
    │
 45 │     post "/users.setPresence", UsersApiController, :setPresence
    │     ~~~~~~~~~~~~~~~~~~~~~~~~~~~~~~~~~~~~~~~~~~~~~~~~~~~~~~~~~~~
    │
    └─ (slack_api 0.1.0) lib/slack_api_web/router.ex:45: SlackApiWeb.Router.__checks__/0

    warning: SlackApiWeb.SlackApiWeb.Controllers.UsersApiController.init/1 is undefined (module SlackApiWeb.SlackApiWeb.Controllers.UsersApiController is not available or is yet to be defined)
    │
 46 │     post "/users.setPhoto", UsersApiController, :setPhoto
    │     ~~~~~~~~~~~~~~~~~~~~~~~~~~~~~~~~~~~~~~~~~~~~~~~~~~~~~
    │
    └─ (slack_api 0.1.0) lib/slack_api_web/router.ex:46: SlackApiWeb.Router.__checks__/0

    warning: SlackApiWeb.SlackApiWeb.Controllers.UsersApiController.init/1 is undefined (module SlackApiWeb.SlackApiWeb.Controllers.UsersApiController is not available or is yet to be defined)
    │
 47 │     get "/users.getPresence", UsersApiController, :getPresence
    │     ~~~~~~~~~~~~~~~~~~~~~~~~~~~~~~~~~~~~~~~~~~~~~~~~~~~~~~~~~~
    │
    └─ (slack_api 0.1.0) lib/slack_api_web/router.ex:47: SlackApiWeb.Router.__checks__/0

    warning: SlackApiWeb.SlackApiWeb.Controllers.RemindersApiController.init/1 is undefined (module SlackApiWeb.SlackApiWeb.Controllers.RemindersApiController is not available or is yet to be defined)
    │
 49 │     post "/reminders.add", RemindersApiController, :add
    │     ~~~~~~~~~~~~~~~~~~~~~~~~~~~~~~~~~~~~~~~~~~~~~~~~~~~
    │
    └─ (slack_api 0.1.0) lib/slack_api_web/router.ex:49: SlackApiWeb.Router.__checks__/0

    warning: SlackApiWeb.SlackApiWeb.Controllers.RemindersApiController.init/1 is undefined (module SlackApiWeb.SlackApiWeb.Controllers.RemindersApiController is not available or is yet to be defined)
    │
 50 │     post "/reminders.complete", RemindersApiController, :complete
    │     ~~~~~~~~~~~~~~~~~~~~~~~~~~~~~~~~~~~~~~~~~~~~~~~~~~~~~~~~~~~~~
    │
    └─ (slack_api 0.1.0) lib/slack_api_web/router.ex:50: SlackApiWeb.Router.__checks__/0

    warning: SlackApiWeb.SlackApiWeb.Controllers.RemindersApiController.init/1 is undefined (module SlackApiWeb.SlackApiWeb.Controllers.RemindersApiController is not available or is yet to be defined)
    │
 51 │     post "/reminders.delete", RemindersApiController, :delete
    │     ~~~~~~~~~~~~~~~~~~~~~~~~~~~~~~~~~~~~~~~~~~~~~~~~~~~~~~~~~
    │
    └─ (slack_api 0.1.0) lib/slack_api_web/router.ex:51: SlackApiWeb.Router.__checks__/0

    warning: SlackApiWeb.SlackApiWeb.Controllers.RemindersApiController.init/1 is undefined (module SlackApiWeb.SlackApiWeb.Controllers.RemindersApiController is not available or is yet to be defined)
    │
 52 │     get "/reminders.list", RemindersApiController, :list
    │     ~~~~~~~~~~~~~~~~~~~~~~~~~~~~~~~~~~~~~~~~~~~~~~~~~~~~
    │
    └─ (slack_api 0.1.0) lib/slack_api_web/router.ex:52: SlackApiWeb.Router.__checks__/0

    warning: SlackApiWeb.SlackApiWeb.Controllers.RemindersApiController.init/1 is undefined (module SlackApiWeb.SlackApiWeb.Controllers.RemindersApiController is not available or is yet to be defined)
    │
 53 │     get "/reminders.info", RemindersApiController, :info
    │     ~~~~~~~~~~~~~~~~~~~~~~~~~~~~~~~~~~~~~~~~~~~~~~~~~~~~
    │
    └─ (slack_api 0.1.0) lib/slack_api_web/router.ex:53: SlackApiWeb.Router.__checks__/0

    warning: SlackApiWeb.SlackApiWeb.Controllers.ReactionsApiController.init/1 is undefined (module SlackApiWeb.SlackApiWeb.Controllers.ReactionsApiController is not available or is yet to be defined)
    │
 55 │     post "/reactions.add", ReactionsApiController, :add
    │     ~~~~~~~~~~~~~~~~~~~~~~~~~~~~~~~~~~~~~~~~~~~~~~~~~~~
    │
    └─ (slack_api 0.1.0) lib/slack_api_web/router.ex:55: SlackApiWeb.Router.__checks__/0

    warning: SlackApiWeb.SlackApiWeb.Controllers.ReactionsApiController.init/1 is undefined (module SlackApiWeb.SlackApiWeb.Controllers.ReactionsApiController is not available or is yet to be defined)
    │
 56 │     post "/reactions.remove", ReactionsApiController, :remove
    │     ~~~~~~~~~~~~~~~~~~~~~~~~~~~~~~~~~~~~~~~~~~~~~~~~~~~~~~~~~
    │
    └─ (slack_api 0.1.0) lib/slack_api_web/router.ex:56: SlackApiWeb.Router.__checks__/0

    warning: SlackApiWeb.SlackApiWeb.Controllers.ReactionsApiController.init/1 is undefined (module SlackApiWeb.SlackApiWeb.Controllers.ReactionsApiController is not available or is yet to be defined)
    │
 57 │     get "/reactions.list", ReactionsApiController, :list
    │     ~~~~~~~~~~~~~~~~~~~~~~~~~~~~~~~~~~~~~~~~~~~~~~~~~~~~
    │
    └─ (slack_api 0.1.0) lib/slack_api_web/router.ex:57: SlackApiWeb.Router.__checks__/0

    warning: SlackApiWeb.SlackApiWeb.Controllers.ReactionsApiController.init/1 is undefined (module SlackApiWeb.SlackApiWeb.Controllers.ReactionsApiController is not available or is yet to be defined)
    │
 58 │     get "/reactions.get", ReactionsApiController, :get
    │     ~~~~~~~~~~~~~~~~~~~~~~~~~~~~~~~~~~~~~~~~~~~~~~~~~~
    │
    └─ (slack_api 0.1.0) lib/slack_api_web/router.ex:58: SlackApiWeb.Router.__checks__/0

    warning: SlackApiWeb.SlackApiWeb.Controllers.ApiController.init/1 is undefined (module SlackApiWeb.SlackApiWeb.Controllers.ApiController is not available or is yet to be defined)
    │
 60 │     get "/status", ApiController, :status_test
    │     ~~~~~~~~~~~~~~~~~~~~~~~~~~~~~~~~~~~~~~~~~~
    │
    └─ (slack_api 0.1.0) lib/slack_api_web/router.ex:60: SlackApiWeb.Router.__checks__/0

==> family_space
warning: invalid association `items` in schema FamilySpace.ShoppingList: associated schema FamilySpace.ShoppingItem does not have field `shopping_list_id`
└─ lib/family_space/shopping_list.ex: FamilySpace.ShoppingList (module)

warning: invalid association `items` in schema FamilySpace.TodoList: associated schema FamilySpace.TodoItem does not have field `todo_list_id`
└─ lib/family_space/todo_list.ex: FamilySpace.TodoList (module)

[info] Hello from EdgeRouter
[notice] SIGTERM received - shutting down

[notice] SIGTERM received - shutting down

